// Jest Snapshot v1, https://goo.gl/fbAQLP

exports[`App renders the loading screen 1`] = `<AppNavigator />`;

exports[`App renders the root without loading screen 1`] = `<AppNavigator />`;
