// Jest Snapshot v1, https://goo.gl/fbAQLP

exports[`Header renders correctly 1`] = `
<View
  style={
    Object {
      "flexDirection": "row",
    }
  }
>
  <Text />
  <View>
    <Text
      style={
        Object {
          "color": "#232323",
          "fontFamily": "EuphemiaUCAS-Bold",
          "fontSize": 17,
          "fontWeight": "bold",
          "marginLeft": 5,
        }
      }
    >
      test title
    </Text>
  </View>
</View>
`;
