// Jest Snapshot v1, https://goo.gl/fbAQLP

exports[`Home renders correctly without content 1`] = `
<View
  accessibilityIgnoresInvertColors={true}
  style={
    Object {
      "height": "100%",
      "width": "100%",
    }
  }
>
  <Image
    source={1}
    style={
      Array [
        Object {
          "bottom": 0,
          "left": 0,
          "position": "absolute",
          "right": 0,
          "top": 0,
        },
        Object {
          "height": "100%",
          "width": "100%",
        },
        undefined,
      ]
    }
  />
  <View
    style={
      Object {
        "flex": 1,
      }
    }
  >
    <View
      style={
        Object {
          "flex": 1,
          "marginBottom": 25,
        }
      }
    >
      <Image
        source={1}
        style={
          Object {
            "height": "100%",
            "resizeMode": "contain",
            "width": "100%",
          }
        }
      />
    </View>
    <View
      style={
        Object {
          "flex": 3,
        }
      }
    >
      <RCTScrollView
        contentContainerStyle={
          Object {
            "alignItems": "center",
            "flexGrow": 1,
            "justifyContent": "flex-start",
          }
        }
      >
        <View>
          <View
            accessible={true}
            focusable={true}
            isTVSelectable={true}
            onClick={[Function]}
            onResponderGrant={[Function]}
            onResponderMove={[Function]}
            onResponderRelease={[Function]}
            onResponderTerminate={[Function]}
            onResponderTerminationRequest={[Function]}
            onStartShouldSetResponder={[Function]}
            style={
              Object {
                "alignItems": "center",
                "backgroundColor": "darkblue",
                "borderRadius": 10,
                "height": 40,
                "justifyContent": "center",
                "marginTop": 10,
                "opacity": 1,
                "padding": 10,
                "width": "80%",
              }
            }
          >
            <Text
              style={
                Object {
                  "color": "#ffffff",
                  "fontFamily": "sans-serif-medium",
                  "textAlign": "center",
                  "textAlignVertical": "center",
                }
              }
            >
              Refresh (debug)
            </Text>
          </View>
          <View
            style={
              Object {
                "alignItems": "center",
                "flex": 1,
                "justifyContent": "center",
              }
            }
          >
            <ActivityIndicator
              animating={true}
              color="black"
              hidesWhenStopped={true}
              size="large"
            />
          </View>
        </View>
      </RCTScrollView>
    </View>
  </View>
</View>
`;
